
> starter_helpi@0.1.0 test
> react-scripts test --coverage

FAIL src/App.test.tsx
  ✕ renders learn react link (50 ms)

  ● renders learn react link

    TestingLibraryElementError: Unable to find an element with the text: /learn react/i. This could be because the text is broken up by multiple elements. In this case, you can provide a function for your text matcher to make your matcher more flexible.

    Ignored nodes: comments, script, style
    [36m<body>[39m
      [36m<div>[39m
        [36m<div[39m
          [33mclass[39m=[32m"main-container"[39m
          [33mstyle[39m=[32m"background-image: url(background.jpg);"[39m
        [36m>[39m
          [36m<header[39m
            [33mclass[39m=[32m"header"[39m
          [36m>[39m
            [36m<br />[39m
            [36m<div[39m
              [33mclass[39m=[32m"logo-container"[39m
            [36m>[39m
              [36m<a[39m
                [33mhref[39m=[32m"#/"[39m
              [36m>[39m
                [36m<img[39m
                  [33malt[39m=[32m"Career Navigator logo"[39m
                  [33mclass[39m=[32m"logo"[39m
                  [33msrc[39m=[32m"newdog.webp"[39m
                [36m/>[39m
              [36m</a>[39m
              [36m<h1[39m
                [33mclass[39m=[32m"site-name"[39m
              [36m>[39m
                [0mCareer Navigator[0m
              [36m</h1>[39m
            [36m</div>[39m
            [36m<br />[39m
          [36m</header>[39m
          [36m<div[39m
            [33mclass[39m=[32m"options-wrapper"[39m
            [33mstyle[39m=[32m"display: flex; justify-content: space-around;"[39m
          [36m>[39m
            [36m<div[39m
              [33mclass[39m=[32m"options-container"[39m
              [33mstyle[39m=[32m"background-color: rgba(255, 255, 255, 0.8);"[39m
            [36m>[39m
              [36m<div[39m
                [33mclass[39m=[32m"container"[39m
              [36m>[39m
                [36m<h1[39m
                  [33mclass[39m=[32m"title"[39m
                [36m>[39m
                  [0mDetailed Questions[0m
                [36m</h1>[39m
                [36m<p[39m
                  [33mclass[39m=[32m"description"[39m
                [36m>[39m
                  [0mAre you ready to embark on a journey of self-discovery to find the perfect career path for you? Our detailed career quiz is designed to delve deep into your interests, skills, values, and personality traits to provide you with comprehensive insights into potential career options. Through a series of thought-provoking questions and scenarios, this quiz will analyze various aspects of your life, such as your passions, strengths, preferred work environment, and long-term goals. You can expect detailed feedback and recommendations tailored specifically to your unique profile, helping you make informed decisions about your future career path. Whether you're a recent graduate exploring your options or a seasoned professional seeking a change, our detailed career quiz is your first step towards finding a fulfilling and rewarding career that aligns with who you are.[0m
                [36m</p>[39m
              [36m</div>[39m
            [36m</div>[39m
            [36m<div[39m
              [33mclass[39m=[32m"options-container"[39m
              [33mstyle[39m=[32m"background-color: rgba(255, 255, 255, 0.8);"[39m
            [36m>[39m
              [36m<div[39m
                [33mclass[39m=[32m"container"[39m
              [36m>[39m
                [36m<h1[39m
                  [33mclass[39m=[32m"title"[39m
                [36m>[39m
                  [0mBasic Questions[0m
                [36m</h1>[39m
                [36m<p[39m
                  [33mclass[39m=[32m"description"[39m
                [36m>[39m
                  [0mAre you looking for a quick and easy way to get some direction on your career path? Our basic career quiz offers a simplified approach to helping you identify potential career options based on your interests and preferences. This quiz consists of straightforward questions designed to assess your likes, dislikes, and general aspirations. While it may not provide as much in-depth analysis as our detailed quiz, it offers a convenient starting point for those seeking some initial guidance. Whether you're a high school student exploring career options or someone considering a career change, our basic career quiz can help you narrow down your choices and point you in the right direction. It's a quick and efficient tool to kickstart your journey towards finding a career that suits you.[0m
                [36m</p>[39m
              [36m</div>[39m
            [36m</div>[39m
          [36m</div>[39m
          [36m<footer[39m
            [33mclass[39m=[32m"App-footer"[39m
          [36m>[39m
            [36m<form[39m
              [33mclass[39m=[32m""[39m
            [36m>[39m
              [36m<label[39m
                [33mclass[39m=[32m"form-label"[39m
                [33mstyle[39m=[32m"color: white;"[39m
              [36m>[39m
                [0mAPI Key:[0m
              [36m</label>[39m
              [36m<input[39m
                [33mclass[39m=[32m"form-control"[39m
                [33mplaceholder[39m=[32m"Insert API Key Here"[39m
                [33mtype[39m=[32m"password"[39m
              [36m/>[39m
              [36m<br />[39m
              [36m<button[39m
                [33mclass[39m=[32m"Submit-Button btn btn-primary"[39m
                [33mtype[39m=[32m"button"[39m
              [36m>[39m
                [0mSubmit[0m
              [36m</button>[39m
            [36m</form>[39m
          [36m</footer>[39m
        [36m</div>[39m
      [36m</div>[39m
    [36m</body>[39m

       5 | test('renders learn react link', () => {
       6 |   render(<App />);
    >  7 |   const linkElement = screen.getByText(/learn react/i);
         |                              ^
       8 |   expect(linkElement).toBeInTheDocument();
       9 | });
      10 |

      at Object.getElementError (node_modules/@testing-library/react/node_modules/@testing-library/dom/dist/config.js:37:19)
      at node_modules/@testing-library/react/node_modules/@testing-library/dom/dist/query-helpers.js:76:38
      at node_modules/@testing-library/react/node_modules/@testing-library/dom/dist/query-helpers.js:52:17
      at getByText (node_modules/@testing-library/react/node_modules/@testing-library/dom/dist/query-helpers.js:95:19)
      at Object.<anonymous> (src/App.test.tsx:7:30)
      at TestScheduler.scheduleTests (node_modules/@jest/core/build/TestScheduler.js:333:13)
      at runJest (node_modules/@jest/core/build/runJest.js:404:19)
      at _run10000 (node_modules/@jest/core/build/cli/index.js:320:7)
      at runCLI (node_modules/@jest/core/build/cli/index.js:173:3)

------------------------|---------|----------|---------|---------|-------------------
File                    | % Stmts | % Branch | % Funcs | % Lines | Uncovered Line #s 
------------------------|---------|----------|---------|---------|-------------------
All files               |   12.82 |      2.5 |   17.64 |   12.33 |                   
 src                    |    8.33 |        0 |   33.33 |    8.33 |                   
  App.tsx               |     100 |      100 |     100 |     100 |                   
  index.tsx             |       0 |      100 |     100 |       0 | 7-19              
  reportWebVitals.ts    |       0 |        0 |       0 |       0 | 3-10              
 src/components         |      70 |       50 |      50 |   68.42 |                   
  Footer.tsx            |   63.63 |       50 |   33.33 |   63.63 | 8,15-20           
  Header.tsx            |     100 |       50 |     100 |     100 | 25                
  Menu.tsx              |       0 |      100 |       0 |       0 | 14-17             
  Option.tsx            |     100 |      100 |     100 |     100 |                   
 src/pages              |    4.03 |        0 |    4.34 |    4.06 |                   
  BasicQuestions.tsx    |       0 |        0 |       0 |       0 | 10-379            
  DetailedQuestions.tsx |       0 |        0 |       0 |       0 | 9-281             
  Home.tsx              |    62.5 |      100 |      25 |    62.5 | 12,24-31          
------------------------|---------|----------|---------|---------|-------------------
Test Suites: 1 failed, 1 total
Tests:       1 failed, 1 total
Snapshots:   0 total
Time:        2.642 s
Ran all test suites.
